----------------------------------------------------------------
            sw4 version 2.2-alpha

 This program comes with ABSOLUTELY NO WARRANTY; released under GPL.
 This is free software, and you are welcome to redistribute     
 it under certain conditions, see LICENSE.txt for more details  
----------------------------------------------------------------
  Compiled on: Thu Dec  6 00:32:26 PST 2018
  By user:     kechen
  Machine:     cori08
  Compiler:    /opt/cray/pe/craype/2.5.14/bin/CC
  3rd party include dir: /global/homes/k/kechen/software/sw4_dp/include, and library dir: /global/homes/k/kechen/software/sw4_dp/lib
----------------------------------------------------------------

Input file: inv2.in

* Processing the grid command...
* Setting nx to 601 to be consistent with h=200
* Setting ny to 426 to be consistent with h=200
* Setting nz to 101 to be consistent with h=200
Extent of the computational domain xmax=120000 ymax=85000 zmax=20000

*** No topography command found in input file. Using z=0 as free surface boundary ***


Global grid sizes (without ghost points)
Grid         h        Nx        Ny        Nz       Points
   0       200       601       426       101     25858626
Total number of grid points (without ghost points): 2.58586e+07

Cartesian coordinates of source at (lon, lat)=(-1.222423e+02, 3.786119e+01) is (x,y)=(64752.8, 41379.7)
Cartesian coordinates of source at (lon, lat)=(-1.220011e+02, 3.786081e+01) is (x,y)=(77358.2, 24329.7)


   Execution time, reading input file 1.88581 seconds 
  Using Bjorn's fast (parallel) IO library
Assuming a PARALLEL file system
Writing images from (up to) 8 procs
Detected at least one boundary with supergrid conditions
----------------------------------------------------
 Making Directory: /global/cscratch1/sd/kechen/sw4/inverse/tests/smallDomain/berkeley-jan-4-2018_output/
		
... Done!
----------------------------------------------------
----------------------------------------------------
 Making Directory: /global/cscratch1/sd/kechen/sw4/inverse/tests/smallDomain/alamo-sep-5-2008_output/
		
... Done!
----------------------------------------------------
Geographic and Cartesian coordinates of the corners of the computational grid:
0: Lon= -1.223000e+02, Lat=3.855000e+01, x=0.000000e+00, y=-0.000000e+00
1: Lon= -1.214924e+02, Lat=3.768192e+01, x=1.200000e+05, y=6.692907e-10
2: Lon= -1.222696e+02, Lat=3.722921e+01, x=1.200000e+05, y=8.500000e+04
3: Lon= -1.230813e+02, Lat=3.809729e+01, x=-1.559631e-10, y=8.500000e+04

Considering all material blocks
block command: outside = 26626704, material = 256026
block command: outside = 26626704, material = 256026
block command: outside = 26626704, material = 256026
block command: outside = 26626704, material = 256026
block command: outside = 26370678, material = 512052
block command: outside = 24066444, material = 2816286
block command: outside = 24066444, material = 2816286
block command: outside = 25346574, material = 1536156
block command: outside = 20226054, material = 6656676
block command: outside = 20226054, material = 6656676
block command: outside = 20994132, material = 5888598

       ----------- Material properties ranges ---------------
       2200 kg/m^3 <=  Density <= 2900 kg/m^3
       2400 m/s    <=  Vp      <= 6550 m/s
       1200 m/s    <=  Vs      <= 3700 m/s
       1.70833        <=  Vp/Vs   <= 2
       3.168e+09 Pa     <=  mu      <= 3.9701e+10 Pa
       6.336e+09 Pa     <=  lambda  <= 4.50152e+10 Pa
       ------------------------------------------------------

***** PPW = minVs/h/maxFrequency ********
g=0, h=2.000000e+02, minVs/h=6 (Cartesian)

  Assigned material properties
*** computing the time step ***
TIME accuracy order=4 CFL=1.1 prel. time step=0.0262421
*** Initialized Images
 Min source z-level: 1.210100e+04, max source z-level: 1.210100e+04
 Min source z-level: 1.320700e+04, max source z-level: 1.320700e+04

   Execution time, start up phase 0.20478 seconds 
 xmin, xmax = 6200 113800 hx = 6725
 ymin, ymax = 6200 78800 hy = 6600
 zmin, zmax = -4600 13800 hz = 4600
----------------------------------------------------
 Making Directory: /global/cscratch1/sd/kechen/sw4/inverse/tests/smallDomain/inv2_output/
		
... Done!
----------------------------------------------------
Running sw4mopt on 512 processors, using 2 threads/processor...
Writing output to directory: /global/cscratch1/sd/kechen/sw4/inverse/tests/smallDomain/inv2_output/
Begin L-BFGS iteration by evaluating initial misfit and gradient...
writing image plane on file /global/cscratch1/sd/kechen/sw4/inverse/tests/smallDomain/inv2_output/mimage.cycle=0000.z=1000.rho.sw4img
writing image plane on file /global/cscratch1/sd/kechen/sw4/inverse/tests/smallDomain/inv2_output/mimage.cycle=0000.x=17500.rho.sw4img
writing image plane on file /global/cscratch1/sd/kechen/sw4/inverse/tests/smallDomain/inv2_output/mimage.cycle=0000.x=17500.mu.sw4img
writing image plane on file /global/cscratch1/sd/kechen/sw4/inverse/tests/smallDomain/inv2_output/mimage.cycle=0000.x=17500.lambda.sw4img
writing image plane on file /global/cscratch1/sd/kechen/sw4/inverse/tests/smallDomain/inv2_output/mimage.cycle=0000.z=1000.mu.sw4img
writing image plane on file /global/cscratch1/sd/kechen/sw4/inverse/tests/smallDomain/inv2_output/mimage.cycle=0000.z=1000.lambda.sw4img
writing image plane on file /global/cscratch1/sd/kechen/sw4/inverse/tests/smallDomain/inv2_output/mimage.cycle=0000.z=5000.rho.sw4img
writing image plane on file /global/cscratch1/sd/kechen/sw4/inverse/tests/smallDomain/inv2_output/mimage.cycle=0000.z=5000.mu.sw4img
writing image plane on file /global/cscratch1/sd/kechen/sw4/inverse/tests/smallDomain/inv2_output/mimage.cycle=0000.z=5000.lambda.sw4img
Initial misfit= 3.86422e-06
Max norm of scaled total gradient = 5.66606e-07
Line search.. 
 .. return code 0 misfit changed from 3.86422e-06 to 3.86422e-06
writing image plane on file /global/cscratch1/sd/kechen/sw4/inverse/tests/smallDomain/inv2_output/mimage.cycle=0001.z=1000.rho.sw4img
writing image plane on file /global/cscratch1/sd/kechen/sw4/inverse/tests/smallDomain/inv2_output/mimage.cycle=0001.x=17500.rho.sw4img
writing image plane on file /global/cscratch1/sd/kechen/sw4/inverse/tests/smallDomain/inv2_output/mimage.cycle=0001.x=17500.mu.sw4img
writing image plane on file /global/cscratch1/sd/kechen/sw4/inverse/tests/smallDomain/inv2_output/mimage.cycle=0001.x=17500.lambda.sw4img
writing image plane on file /global/cscratch1/sd/kechen/sw4/inverse/tests/smallDomain/inv2_output/mimage.cycle=0001.z=1000.mu.sw4img
writing image plane on file /global/cscratch1/sd/kechen/sw4/inverse/tests/smallDomain/inv2_output/mimage.cycle=0001.z=1000.lambda.sw4img
writing image plane on file /global/cscratch1/sd/kechen/sw4/inverse/tests/smallDomain/inv2_output/mimage.cycle=0001.z=5000.rho.sw4img
writing image plane on file /global/cscratch1/sd/kechen/sw4/inverse/tests/smallDomain/inv2_output/mimage.cycle=0001.z=5000.mu.sw4img
writing image plane on file /global/cscratch1/sd/kechen/sw4/inverse/tests/smallDomain/inv2_output/mimage.cycle=0001.z=5000.lambda.sw4img
-----------------------------------------------------------------------
 it=1 dfnorm= 5.66614e-07 dxnorm= 5.66606e-07
 Misfit= 3.86422e-06
Line search.. 
After constrained material, lambda = 0.00474756 ntries = 16
 .. return code 0 misfit changed from 3.86422e-06 to 3.74714e-06
writing image plane on file /global/cscratch1/sd/kechen/sw4/inverse/tests/smallDomain/inv2_output/mimage.cycle=0002.z=1000.rho.sw4img
writing image plane on file /global/cscratch1/sd/kechen/sw4/inverse/tests/smallDomain/inv2_output/mimage.cycle=0002.x=17500.rho.sw4img
writing image plane on file /global/cscratch1/sd/kechen/sw4/inverse/tests/smallDomain/inv2_output/mimage.cycle=0002.x=17500.mu.sw4img
writing image plane on file /global/cscratch1/sd/kechen/sw4/inverse/tests/smallDomain/inv2_output/mimage.cycle=0002.x=17500.lambda.sw4img
writing image plane on file /global/cscratch1/sd/kechen/sw4/inverse/tests/smallDomain/inv2_output/mimage.cycle=0002.z=1000.mu.sw4img
writing image plane on file /global/cscratch1/sd/kechen/sw4/inverse/tests/smallDomain/inv2_output/mimage.cycle=0002.z=1000.lambda.sw4img
writing image plane on file /global/cscratch1/sd/kechen/sw4/inverse/tests/smallDomain/inv2_output/mimage.cycle=0002.z=5000.rho.sw4img
writing image plane on file /global/cscratch1/sd/kechen/sw4/inverse/tests/smallDomain/inv2_output/mimage.cycle=0002.z=5000.mu.sw4img
writing image plane on file /global/cscratch1/sd/kechen/sw4/inverse/tests/smallDomain/inv2_output/mimage.cycle=0002.z=5000.lambda.sw4img
-----------------------------------------------------------------------
 it=2 dfnorm= 8.43868e-07 dxnorm= 0.0109689
 Misfit= 3.74714e-06
Line search.. 
LINESEARCH: Warning, direction is not a descent direction
   switching to gradient direction search
LINESEARCH: no satsifactory step found 
cg-alpha = 1
scprod = -1.69435e-26
maxstep   = 10
minlambda = 1.54734e+08
initslope = -1.69435e-26
 f = 3.74714e-06 fnew = 3.74714e-06 lambda = 1 fnew-(f+alpha*lambda*initslope) = 1.69435e-32
lambda and f(lambda) tried = 
1 3.74714e-06
 .. return code 1 misfit changed from 3.74714e-06 to 3.74714e-06
writing image plane on file /global/cscratch1/sd/kechen/sw4/inverse/tests/smallDomain/inv2_output/mimage.cycle=0003.z=1000.rho.sw4img
writing image plane on file /global/cscratch1/sd/kechen/sw4/inverse/tests/smallDomain/inv2_output/mimage.cycle=0003.x=17500.rho.sw4img
writing image plane on file /global/cscratch1/sd/kechen/sw4/inverse/tests/smallDomain/inv2_output/mimage.cycle=0003.x=17500.mu.sw4img
writing image plane on file /global/cscratch1/sd/kechen/sw4/inverse/tests/smallDomain/inv2_output/mimage.cycle=0003.x=17500.lambda.sw4img
writing image plane on file /global/cscratch1/sd/kechen/sw4/inverse/tests/smallDomain/inv2_output/mimage.cycle=0003.z=1000.mu.sw4img
writing image plane on file /global/cscratch1/sd/kechen/sw4/inverse/tests/smallDomain/inv2_output/mimage.cycle=0003.z=1000.lambda.sw4img
writing image plane on file /global/cscratch1/sd/kechen/sw4/inverse/tests/smallDomain/inv2_output/mimage.cycle=0003.z=5000.rho.sw4img
writing image plane on file /global/cscratch1/sd/kechen/sw4/inverse/tests/smallDomain/inv2_output/mimage.cycle=0003.z=5000.mu.sw4img
writing image plane on file /global/cscratch1/sd/kechen/sw4/inverse/tests/smallDomain/inv2_output/mimage.cycle=0003.z=5000.lambda.sw4img
-----------------------------------------------------------------------
 it=3 dfnorm= 8.43868e-07 dxnorm= 0
 Misfit= 3.74714e-06
Line search.. 
LINESEARCH: no satsifactory step found 
cg-alpha = 1
scprod = nan
maxstep   = 10
minlambda = inf
initslope = nan
 f = 3.74714e-06 fnew = -nan lambda = 1 fnew-(f+alpha*lambda*initslope) = nan
lambda and f(lambda) tried = 
1 -nan
 .. return code 1 misfit changed from 3.74714e-06 to -nan
writing image plane on file /global/cscratch1/sd/kechen/sw4/inverse/tests/smallDomain/inv2_output/mimage.cycle=0004.z=1000.rho.sw4img
writing image plane on file /global/cscratch1/sd/kechen/sw4/inverse/tests/smallDomain/inv2_output/mimage.cycle=0004.x=17500.rho.sw4img
writing image plane on file /global/cscratch1/sd/kechen/sw4/inverse/tests/smallDomain/inv2_output/mimage.cycle=0004.x=17500.mu.sw4img
writing image plane on file /global/cscratch1/sd/kechen/sw4/inverse/tests/smallDomain/inv2_output/mimage.cycle=0004.x=17500.lambda.sw4img
writing image plane on file /global/cscratch1/sd/kechen/sw4/inverse/tests/smallDomain/inv2_output/mimage.cycle=0004.z=1000.mu.sw4img
writing image plane on file /global/cscratch1/sd/kechen/sw4/inverse/tests/smallDomain/inv2_output/mimage.cycle=0004.z=1000.lambda.sw4img
writing image plane on file /global/cscratch1/sd/kechen/sw4/inverse/tests/smallDomain/inv2_output/mimage.cycle=0004.z=5000.rho.sw4img
writing image plane on file /global/cscratch1/sd/kechen/sw4/inverse/tests/smallDomain/inv2_output/mimage.cycle=0004.z=5000.mu.sw4img
writing image plane on file /global/cscratch1/sd/kechen/sw4/inverse/tests/smallDomain/inv2_output/mimage.cycle=0004.z=5000.lambda.sw4img
-----------------------------------------------------------------------
 it=4 dfnorm= 0 dxnorm= 0
 Misfit= -nan
============================================================
 sw4mopt ( Material/Source estimation solver) finished! 
============================================================
