slurmstepd: error: Detected zonesort setup failure: Could not open job cpuset (22476174.0)
slurmstepd: error: Detected zonesort setup failure: Could not open job cpuset (22476174.0)
slurmstepd: error: Detected zonesort setup failure: Could not open job cpuset (22476174.0)
slurmstepd: error: Detected zonesort setup failure: Could not open job cpuset (22476174.0)
slurmstepd: error: Detected zonesort setup failure: Could not open job cpuset (22476174.0)
slurmstepd: error: Detected zonesort setup failure: Could not open job cpuset (22476174.0)
slurmstepd: error: Detected zonesort setup failure: Could not open job cpuset (22476174.0)
slurmstepd: error: Detected zonesort setup failure: Could not open job cpuset (22476174.0)
slurmstepd: error: Detected zonesort setup failure: Could not open job cpuset (22476174.0)
slurmstepd: error: Detected zonesort setup failure: Could not open job cpuset (22476174.0)
slurmstepd: error: Detected zonesort setup failure: Could not open job cpuset (22476174.0)
slurmstepd: error: Detected zonesort setup failure: Could not open job cpuset (22476174.0)
slurmstepd: error: Detected zonesort setup failure: Could not open job cpuset (22476174.0)
slurmstepd: error: Detected zonesort setup failure: Could not open job cpuset (22476174.0)
slurmstepd: error: Detected zonesort setup failure: Could not open job cpuset (22476174.0)
slurmstepd: error: Detected zonesort setup failure: Could not open job cpuset (22476174.0)
slurmstepd: error: Detected zonesort setup failure: Could not open job cpuset (22476174.0)
slurmstepd: error: Detected zonesort setup failure: Could not open job cpuset (22476174.0)
slurmstepd: error: Detected zonesort setup failure: Could not open job cpuset (22476174.0)
slurmstepd: error: Detected zonesort setup failure: Could not open job cpuset (22476174.0)
slurmstepd: error: Detected zonesort setup failure: Could not open job cpuset (22476174.0)
slurmstepd: error: Detected zonesort setup failure: Could not open job cpuset (22476174.0)
slurmstepd: error: Detected zonesort setup failure: Could not open job cpuset (22476174.0)
slurmstepd: error: Detected zonesort setup failure: Could not open job cpuset (22476174.0)
slurmstepd: error: Detected zonesort setup failure: Could not open job cpuset (22476174.0)
slurmstepd: error: Detected zonesort setup failure: Could not open job cpuset (22476174.0)
slurmstepd: error: Detected zonesort setup failure: Could not open job cpuset (22476174.0)
slurmstepd: error: Detected zonesort setup failure: Could not open job cpuset (22476174.0)
slurmstepd: error: Detected zonesort setup failure: Could not open job cpuset (22476174.0)
slurmstepd: error: Detected zonesort setup failure: Could not open job cpuset (22476174.0)
slurmstepd: error: Detected zonesort setup failure: Could not open job cpuset (22476174.0)
slurmstepd: error: Detected zonesort setup failure: Could not open job cpuset (22476174.0)
----------------------------------------------------------------
            sw4 version 2.2-alpha

 This program comes with ABSOLUTELY NO WARRANTY; released under GPL.
 This is free software, and you are welcome to redistribute     
 it under certain conditions, see LICENSE.txt for more details  
----------------------------------------------------------------
  Compiled on: Fri Jun 14 10:04:19 PDT 2019
  By user:     kechen
  Machine:     cori05
  Compiler:    /opt/cray/pe/craype/2.5.15/bin/CC
  3rd party include dir: /global/homes/k/kechen/software/sw4_dp/include, and library dir: /global/homes/k/kechen/software/sw4_dp/lib
----------------------------------------------------------------

Input file: alamo-sep-5-2008-forward.in

* Processing the grid command...
* Setting nx to 751 to be consistent with h=2.00000000e+02
* Setting ny to 601 to be consistent with h=2.00000000e+02
* Setting nz to 101 to be consistent with h=2.00000000e+02
Extent of the computational domain xmax=1.50000000e+05 ymax=1.20000000e+05 zmax=2.00000000e+04
***inside allocateCurvilinearArrays***

***Topography grid: min z = -1.123139e+03, max z = 2.848712e+02, top Cartesian z = 3.000000e+03
allocateCurvilinearArrays: Number of grid points in curvilinear grid = 18, kStart = -1, kEnd = 20
***inside generate_grid***
***inside setup_metric***

Global grid sizes (without ghost points)
Grid         h        Nx        Ny        Nz       Points
   0       200       751       601        86     38816186
   1       200       751       601        18      8124318
Total number of grid points (without ghost points): 4.69405e+07

*** Reading data from Rfile USGSBayAreaVM-08.3.0-corder.rfile in directory /project/projectdirs/m2868
Cartesian coordinates of source at (lon, lat)=(-1.220011e+02, 3.786081e+01) is (x,y)=(99769.2, 40829.6)


   Execution time, reading input file 5.80378294e+00 seconds 
  Using Bjorn's fast (parallel) IO library
Assuming a SERIAL file system.
Detected at least one boundary with supergrid conditions
----------------------------------------------------
 Making Directory: alamo-sep-5-2008_synthdata/
		
... Done!
----------------------------------------------------
Geographic and Cartesian coordinates of the corners of the computational grid:
0: Lon= -1.223000e+02, Lat=3.880000e+01, x=0.000000e+00, y=-0.000000e+00
1: Lon= -1.212901e+02, Lat=3.771490e+01, x=1.500000e+05, y=6.899651e-11
2: Lon= -1.223867e+02, Lat=3.707578e+01, x=1.500000e+05, y=1.200000e+05
3: Lon= -1.234040e+02, Lat=3.816088e+01, x=-2.567830e-10, y=1.200000e+05

Considering all material blocks

rfile command: outside = 1476, material = 50549836

       ----------- Material properties ranges ---------------
       1.59000000e+03 kg/m^3 <=  Density <= 3.00000000e+03 kg/m^3
       8.66000000e+02 m/s    <=  Vp      <= 6.54062500e+03 m/s
       5.00000000e+02 m/s    <=  Vs      <= 3.79055636e+03 m/s
       1.65587464e+00        <=  Vp/Vs   <= 4.47062267e+00
       3.97500000e+08 Pa     <=  mu      <= 4.31049525e+10 Pa
       3.97430040e+08 Pa     <=  lambda  <= 4.21881703e+10 Pa
       ------------------------------------------------------

***** PPW = minVs/h/maxFrequency ********
g=0, h=2.000000e+02, minVs/h=9.98817 (Cartesian)
g=1, h=2.000000e+02, minVs/h=2.5 (curvilinear)

  Assigned material properties
*** computing the time step ***
INFO: Smallest stable time step for curvilinear grid only: 2.273922e-02
TIME accuracy order=4 CFL=1.30000000e+00 prel. time step=2.27392194e-02
*** Initialized Images
 Min source z-level: 1.309622e+04, max source z-level: 1.309622e+04

   Execution time, start up phase 4.76395845e-01 seconds 
Running sw4 on 512 processors, using 2 threads/processor...
Writing output to directory: alamo-sep-5-2008_synthdata/

***  Starting solve ***
============================================================
 Running program on 512 MPI tasks using the following data: 

 Start Time = 0 Goal Time = 40
 Number of time steps = 1759 dt: 0.0227402

============================================================
 Global boundary conditions 
      x=0    supergrid
      x=xMax supergrid
      y=0    supergrid
      y=yMax supergrid
      z=topo free surface
      z=zMax supergrid


-----------------------------------------------------------------------
  Total seismic moment (M0): 1.58489e+15 Nm 
  Moment magnitude     (Mw): 4.06667
  Number of moment sources 1
-----------------------------------------------------------------------
  Initial data has been assigned
writing image plane on file alamo-sep-5-2008_synthdata/image.cycle=0000.z=0.lat.sw4img
writing image plane on file alamo-sep-5-2008_synthdata/image.cycle=0000.z=0.lon.sw4img
writing image plane on file alamo-sep-5-2008_synthdata/image.cycle=0000.z=0.topo.sw4img
writing image plane on file alamo-sep-5-2008_synthdata/image.cycle=0000.x=33000.rho.sw4img

Reporting SW4 internal flags and settings:
m_testing=no, twilight=no, point_source=no, moment_test=no, energy_test=no, lamb_test=no, rayleigh_test=no
m_use_supergrid=yes
End report of internal flags and settings


   Execution time, initial data phase 1.30063057e-01 seconds 

  Begin time stepping...
writing image plane on file alamo-sep-5-2008_synthdata/image.cycle=0000.x=33000.mu.sw4img
writing image plane on file alamo-sep-5-2008_synthdata/image.cycle=0000.x=33000.lambda.sw4img
Time step       1  t =   2.2740193e-02
Time step     101  t =   2.2967595e+00
Time step     201  t =   4.5707789e+00
Time step     301  t =   6.8447982e+00
Time step     401  t =   9.1188175e+00
Time step     501  t =   1.1392837e+01
Time step     601  t =   1.3666856e+01
Time step     701  t =   1.5940875e+01
Time step     801  t =   1.8214895e+01
Time step     901  t =   2.0488914e+01
Time step    1001  t =   2.2762933e+01
Time step    1101  t =   2.5036953e+01
Time step    1201  t =   2.7310972e+01
Time step    1301  t =   2.9584991e+01
Time step    1401  t =   3.1859011e+01
Time step    1501  t =   3.4133030e+01
Time step    1601  t =   3.6407049e+01
Time step    1701  t =   3.8681069e+01
Time step    1759  t =   4.0000000e+01
  Time stepping finished...

   Execution time, time stepping phase 1 minute  1.97383509e+01 seconds 
============================================================
 program sw4 finished! 
============================================================
