----------------------------------------------------------------
            sw4 version 2.2-alpha

 This program comes with ABSOLUTELY NO WARRANTY; released under GPL.
 This is free software, and you are welcome to redistribute     
 it under certain conditions, see LICENSE.txt for more details  
----------------------------------------------------------------
  Compiled on: Wed Jun 12 14:00:27 PDT 2019
  By user:     kechen
  Machine:     cori07
  Compiler:    /opt/cray/pe/craype/2.5.15/bin/CC
  3rd party include dir: /global/homes/k/kechen/software/sw4_dp/include, and library dir: /global/homes/k/kechen/software/sw4_dp/lib
----------------------------------------------------------------

Input file: inv2.in

* Processing the grid command...
* Setting nx to 601 to be consistent with h=200
* Setting ny to 426 to be consistent with h=200
* Setting nz to 101 to be consistent with h=200
Extent of the computational domain xmax=120000 ymax=85000 zmax=20000

*** No topography command found in input file. Using z=0 as free surface boundary ***


Global grid sizes (without ghost points)
Grid         h        Nx        Ny        Nz       Points
   0       200       601       426       101     25858626
Total number of grid points (without ghost points): 2.58586e+07

*** Reading data from Rfile USGSBayAreaVM-08.3.0-corder.rfile in directory /project/projectdirs/m2868
Cartesian coordinates of source at (lon, lat)=(-1.222423e+02, 3.786119e+01) is (x,y)=(64752.8, 41379.7)
Cartesian coordinates of source at (lon, lat)=(-1.220011e+02, 3.786081e+01) is (x,y)=(77358.2, 24329.7)


   Execution time, reading input file 5.67689 seconds 
  Using Bjorn's fast (parallel) IO library
Assuming a PARALLEL file system
Writing images from (up to) 8 procs
Detected at least one boundary with supergrid conditions
----------------------------------------------------
 Making Directory: /global/cscratch1/sd/kechen/sw4/inverse/tests/smallDomain/berkeley-jan-4-2018_output/
		
... Done!
----------------------------------------------------
----------------------------------------------------
 Making Directory: /global/cscratch1/sd/kechen/sw4/inverse/tests/smallDomain/alamo-sep-5-2008_output/
		
... Done!
----------------------------------------------------
Geographic and Cartesian coordinates of the corners of the computational grid:
0: Lon= -1.223000e+02, Lat=3.855000e+01, x=0.000000e+00, y=-0.000000e+00
1: Lon= -1.214924e+02, Lat=3.768192e+01, x=1.200000e+05, y=6.692907e-10
2: Lon= -1.222696e+02, Lat=3.722921e+01, x=1.200000e+05, y=8.500000e+04
3: Lon= -1.230813e+02, Lat=3.809729e+01, x=-1.559631e-10, y=8.500000e+04

Considering all material blocks

rfile command: outside = 0, material = 26882730

       ----------- Material properties ranges ---------------
       1590 kg/m^3 <=  Density <= 3000 kg/m^3
       866 m/s    <=  Vp      <= 6540.34 m/s
       500 m/s    <=  Vs      <= 3789.92 m/s
       1.65598        <=  Vp/Vs   <= 4.43874
       3.975e+08 Pa     <=  mu      <= 4.30904e+10 Pa
       3.9743e+08 Pa     <=  lambda  <= 4.21808e+10 Pa
       ------------------------------------------------------

***** PPW = minVs/h/maxFrequency ********
g=0, h=2.000000e+02, minVs/h=2.5 (Cartesian)

  Assigned material properties
*** computing the time step ***
TIME accuracy order=4 CFL=1.1 prel. time step=0.0260172
*** Initialized Images
 Min source z-level: 1.210100e+04, max source z-level: 1.210100e+04
 Min source z-level: 1.320700e+04, max source z-level: 1.320700e+04

   Execution time, start up phase 0.047034 seconds 
 xmin, xmax = 6200 113800 hx = 26900
 ymin, ymax = 6200 78800 hy = 18150
 zmin, zmax = -6900 13800 hz = 6900
active region, index = 32 570 32 395 1 70
 xmin, xmax = 6200 113800 hx = 26900
 ymin, ymax = 6200 78800 hy = 18150
 zmin, zmax = -6900 13800 hz = 6900
----------------------------------------------------
 Making Directory: /global/cscratch1/sd/kechen/sw4/inverse/tests/smallDomain/inv2_output/
		
... Done!
----------------------------------------------------
Running sw4mopt on 512 processors, using 2 threads/processor...
Writing output to directory: /global/cscratch1/sd/kechen/sw4/inverse/tests/smallDomain/inv2_output/
Begin NLCG iteration by evaluating initial misfit and gradient...
1590 <=   rho    <= 3000 (grid 0)
3.975e+08 <=    mu    <= 4.30904e+10 (grid 0)
3.9743e+08 <=  lambda  <= 4.21808e+10 (grid 0)
 cfl_max = 1.10032 on grid 0
WARNING: Mismatch between observation start time and simulation start time is large. Station Tstart = 0 Observation Tstart = -2.94389e+08
WARNING: Mismatch between observation start time and simulation start time is large. Station Tstart = 0 Observation Tstart = -2.94389e+08
WARNING: Mismatch between observation start time and simulation start time is large. Station Tstart = 0 Observation Tstart = -2.94389e+08
WARNING: Mismatch between observation start time and simulation start time is large. Station Tstart = 0 Observation Tstart = -2.94389e+08
WARNING: Mismatch between observation start time and simulation start time is large. Station Tstart = 0 Observation Tstart = -2.94389e+08
WARNING: Mismatch between observation start time and simulation start time is large. Station Tstart = 0 Observation Tstart = -2.94389e+08
WARNING: Mismatch between observation start time and simulation start time is large. Station Tstart = 0 Observation Tstart = -2.94389e+08
Initial misfit= 23.9465
Max norm of scaled total gradient = nan
============================================================
 sw4mopt ( Material/Source estimation solver) finished! 
============================================================
