----------------------------------------------------------------
            sw4 version 2.2-alpha

 This program comes with ABSOLUTELY NO WARRANTY; released under GPL.
 This is free software, and you are welcome to redistribute     
 it under certain conditions, see LICENSE.txt for more details  
----------------------------------------------------------------
  Compiled on: Thu Dec  6 00:32:08 PST 2018
  By user:     kechen
  Machine:     cori08
  Compiler:    /opt/cray/pe/craype/2.5.14/bin/CC
  3rd party include dir: /global/homes/k/kechen/software/sw4_dp/include, and library dir: /global/homes/k/kechen/software/sw4_dp/lib
----------------------------------------------------------------

Input file: alamo-sep-5-2008-forward.in

* Processing the grid command...
* Setting nx to 601 to be consistent with h=2.00000000e+02
* Setting ny to 426 to be consistent with h=2.00000000e+02
* Setting nz to 101 to be consistent with h=2.00000000e+02
Extent of the computational domain xmax=1.20000000e+05 ymax=8.50000000e+04 zmax=2.00000000e+04
***inside allocateCurvilinearArrays***

***Topography grid: min z = -9.988140e+02, max z = 6.988560e+01, top Cartesian z = 3.000000e+03
allocateCurvilinearArrays: Number of grid points in curvilinear grid = 18, kStart = -1, kEnd = 20
***inside generate_grid***
***inside setup_metric***

Global grid sizes (without ghost points)
Grid         h        Nx        Ny        Nz       Points
   0       200       601       426        86     22018236
   1       200       601       426        18      4608468
Total number of grid points (without ghost points): 2.66267e+07

*** Reading data from Rfile USGSBayAreaVM-08.3.0-corder.rfile in directory /project/projectdirs/m2868
Cartesian coordinates of source at (lon, lat)=(-1.220011e+02, 3.786081e+01) is (x,y)=(77358.2, 24329.7)


   Execution time, reading input file 4.02754593e+00 seconds 
  Using Bjorn's fast (parallel) IO library
Assuming a SERIAL file system.
Detected at least one boundary with supergrid conditions
----------------------------------------------------
 Making Directory: alamo-sep-5-2008_data/
		
... Done!
----------------------------------------------------
Geographic and Cartesian coordinates of the corners of the computational grid:
0: Lon= -1.223000e+02, Lat=3.855000e+01, x=0.000000e+00, y=-0.000000e+00
1: Lon= -1.214924e+02, Lat=3.768192e+01, x=1.200000e+05, y=6.692907e-10
2: Lon= -1.222696e+02, Lat=3.722921e+01, x=1.200000e+05, y=8.500000e+04
3: Lon= -1.230813e+02, Lat=3.809729e+01, x=-1.559631e-10, y=8.500000e+04

Considering all material blocks
block command: outside = 29885190, material = 325850
block command: outside = 29701938, material = 509102
block command: outside = 29831782, material = 379258
block command: outside = 29860447, material = 350593
block command: outside = 29633647, material = 577393
block command: outside = 26361510, material = 3849530
block command: outside = 26640871, material = 3570169
block command: outside = 28930908, material = 1280132
block command: outside = 23810388, material = 6400652
block command: outside = 23810388, material = 6400652
block command: outside = 24295019, material = 5916021

rfile command: outside = 93, material = 28674819

       ----------- Material properties ranges ---------------
       1.59000000e+03 kg/m^3 <=  Density <= 3.00000000e+03 kg/m^3
       8.66000000e+02 m/s    <=  Vp      <= 6.54034115e+03 m/s
       5.00000000e+02 m/s    <=  Vs      <= 3.78991753e+03 m/s
       1.65593372e+00        <=  Vp/Vs   <= 4.43874477e+00
       3.97500000e+08 Pa     <=  mu      <= 4.30904246e+10 Pa
       3.97430040e+08 Pa     <=  lambda  <= 4.21808435e+10 Pa
       ------------------------------------------------------

***** PPW = minVs/h/maxFrequency ********
g=0, h=2.000000e+02, minVs/h=10.4253 (Cartesian)
g=1, h=2.000000e+02, minVs/h=2.5 (curvilinear)

  Assigned material properties
*** computing the time step ***
INFO: Smallest stable time step for curvilinear grid only: 2.278615e-02
TIME accuracy order=4 CFL=1.30000000e+00 prel. time step=2.27861483e-02
*** Initialized Images
 Min source z-level: 1.309621e+04, max source z-level: 1.309621e+04

   Execution time, start up phase 5.30424833e-01 seconds 
Running sw4 on 256 processors, using 2 threads/processor...
Writing output to directory: alamo-sep-5-2008_data/

***  Starting solve ***
============================================================
 Running program on 256 MPI tasks using the following data: 

 Start Time = 0 Goal Time = 40
 Number of time steps = 1755 dt: 0.022792

============================================================
 Global boundary conditions 
      x=0    supergrid
      x=xMax supergrid
      y=0    supergrid
      y=yMax supergrid
      z=topo free surface
      z=zMax supergrid


-----------------------------------------------------------------------
  Total seismic moment (M0): 1.50942e+15 Nm 
  Moment magnitude     (Mw): 4.05254
  Number of moment sources 1
-----------------------------------------------------------------------
  Initial data has been assigned
writing image plane on file alamo-sep-5-2008_data/image.cycle=0000.z=0.lat.sw4img
writing image plane on file alamo-sep-5-2008_data/image.cycle=0000.z=0.lon.sw4img
writing image plane on file alamo-sep-5-2008_data/image.cycle=0000.z=0.topo.sw4img

Reporting SW4 internal flags and settings:
m_testing=no, twilight=no, point_source=no, moment_test=no, energy_test=no, lamb_test=no, rayleigh_test=no
m_use_supergrid=yes
End report of internal flags and settings


   Execution time, initial data phase 1.38887167e-01 seconds 

  Begin time stepping...
writing image plane on file alamo-sep-5-2008_data/image.cycle=0000.x=33000.rho.sw4img
writing image plane on file alamo-sep-5-2008_data/image.cycle=0000.x=33000.mu.sw4img
writing image plane on file alamo-sep-5-2008_data/image.cycle=0000.x=33000.lambda.sw4img
Time step       1  t =   2.2792023e-02
Time step     101  t =   2.3019943e+00
Time step     201  t =   4.5811966e+00
Time step     301  t =   6.8603989e+00
Time step     401  t =   9.1396011e+00
Time step     501  t =   1.1418803e+01
Time step     601  t =   1.3698006e+01
Time step     701  t =   1.5977208e+01
Time step     801  t =   1.8256410e+01
Time step     901  t =   2.0535613e+01
Time step    1001  t =   2.2814815e+01
Time step    1101  t =   2.5094017e+01
Time step    1201  t =   2.7373219e+01
Time step    1301  t =   2.9652422e+01
Time step    1401  t =   3.1931624e+01
Time step    1501  t =   3.4210826e+01
Time step    1601  t =   3.6490028e+01
Time step    1701  t =   3.8769231e+01
Time step    1755  t =   4.0000000e+01
  Time stepping finished...

   Execution time, time stepping phase 1 minute  1.82632599e+01 seconds 
============================================================
 program sw4 finished! 
============================================================
