----------------------------------------------------------------
            sw4 version 2.2-alpha

 This program comes with ABSOLUTELY NO WARRANTY; released under GPL.
 This is free software, and you are welcome to redistribute     
 it under certain conditions, see LICENSE.txt for more details  
----------------------------------------------------------------
  Compiled on: Thu Dec  6 00:32:26 PST 2018
  By user:     kechen
  Machine:     cori08
  Compiler:    /opt/cray/pe/craype/2.5.14/bin/CC
  3rd party include dir: /global/homes/k/kechen/software/sw4_dp/include, and library dir: /global/homes/k/kechen/software/sw4_dp/lib
----------------------------------------------------------------

Input file: gradient.in

* Processing the grid command...
* Setting nx to 601 to be consistent with h=200
* Setting ny to 426 to be consistent with h=200
* Setting nz to 101 to be consistent with h=200
Extent of the computational domain xmax=120000 ymax=85000 zmax=20000

*** No topography command found in input file. Using z=0 as free surface boundary ***


Global grid sizes (without ghost points)
Grid         h        Nx        Ny        Nz       Points
   0       200       601       426       101     25858626
Total number of grid points (without ghost points): 2.58586e+07

*** Reading data from Rfile USGSBayAreaVM-08.3.0-corder.rfile in directory /project/projectdirs/m2868
ERROR: observed data file berkeley-jan-4-2018_data/BK.BDM.txt not found 
ERROR: observed data file berkeley-jan-4-2018_data/BK.BKS.txt not found 
ERROR: observed data file berkeley-jan-4-2018_data/BK.BL67.txt not found 
ERROR: observed data file berkeley-jan-4-2018_data/BK.BRK.txt not found 
ERROR: observed data file berkeley-jan-4-2018_data/BK.CVS.txt not found 
ERROR: observed data file berkeley-jan-4-2018_data/BK.JRSC.txt not found 
ERROR: observed data file berkeley-jan-4-2018_data/BK.MCCM.txt not found 
ERROR: observed data file berkeley-jan-4-2018_data/BK.VAK.txt not found 
ERROR: observed data file alamo-sep-5-2008_data/BK.BKS.txt not found 
ERROR: observed data file alamo-sep-5-2008_data/BK.BRK.txt not found 
ERROR: observed data file alamo-sep-5-2008_data/BK.CVS.txt not found 
ERROR: observed data file alamo-sep-5-2008_data/BK.MCCM.txt not found 
ERROR: observed data file alamo-sep-5-2008_data/BK.VAK.txt not found 
Cartesian coordinates of source at (lon, lat)=(-1.222423e+02, 3.786119e+01) is (x,y)=(64752.8, 41379.7)
Cartesian coordinates of source at (lon, lat)=(-1.220011e+02, 3.786081e+01) is (x,y)=(77358.2, 24329.7)


   Execution time, reading input file 2.81331 seconds 
  Using Bjorn's fast (parallel) IO library
Assuming a PARALLEL file system
Writing images from (up to) 8 procs
Detected at least one boundary with supergrid conditions
----------------------------------------------------
 Making Directory: berkeley-jan-4-2018_output/
		
... Done!
----------------------------------------------------
----------------------------------------------------
 Making Directory: alamo-sep-5-2008_output/
		
... Done!
----------------------------------------------------
Geographic and Cartesian coordinates of the corners of the computational grid:
0: Lon= -1.223000e+02, Lat=3.855000e+01, x=0.000000e+00, y=-0.000000e+00
1: Lon= -1.214924e+02, Lat=3.768192e+01, x=1.200000e+05, y=6.692907e-10
2: Lon= -1.222696e+02, Lat=3.722921e+01, x=1.200000e+05, y=8.500000e+04
3: Lon= -1.230813e+02, Lat=3.809729e+01, x=-1.559631e-10, y=8.500000e+04

Considering all material blocks
ERROR: observed data file alamo-sep-5-2008_data/BK.BDM.txt not found 

rfile command: outside = 0, material = 26882730
ERROR: observed data file berkeley-jan-4-2018_data/BK.WENL.txt not found 
ERROR: observed data file alamo-sep-5-2008_data/BK.JRSC.txt not found 
ERROR: observed data file alamo-sep-5-2008_data/BK.WENL.txt not found 

       ----------- Material properties ranges ---------------
       1590 kg/m^3 <=  Density <= 3000 kg/m^3
       866 m/s    <=  Vp      <= 6540.34 m/s
       500 m/s    <=  Vs      <= 3789.92 m/s
       1.65598        <=  Vp/Vs   <= 4.43874
       3.975e+08 Pa     <=  mu      <= 4.30904e+10 Pa
       3.9743e+08 Pa     <=  lambda  <= 4.21808e+10 Pa
       ------------------------------------------------------

***** PPW = minVs/h/maxFrequency ********
g=0, h=2.000000e+02, minVs/h=2.5 (Cartesian)

  Assigned material properties
*** computing the time step ***
TIME accuracy order=4 CFL=1.1 prel. time step=0.0260172
*** Initialized Images
 Min source z-level: 1.210100e+04, max source z-level: 1.210100e+04
 Min source z-level: 1.320700e+04, max source z-level: 1.320700e+04

   Execution time, start up phase 0.112365 seconds 
 xmin, xmax = 6200 113800 hx = 6725
 ymin, ymax = 6200 78800 hy = 6600
 zmin, zmax = -4600 13800 hz = 4600
----------------------------------------------------
 Making Directory: gradient_output/
		
... Done!
----------------------------------------------------
Running sw4mopt on 256 processors, using 2 threads/processor...
Writing output to directory: gradient_output/
Begin NLCG iteration by evaluating initial misfit and gradient...
writing volume image on file berkeley-jan-4-2018_output/volimage.cycle=0000.gradrho.3Dimg (msg from proc # 3)
writing volume image on file berkeley-jan-4-2018_output/volimage.cycle=0000.gradp.3Dimg (msg from proc # 3)
writing volume image on file berkeley-jan-4-2018_output/volimage.cycle=0000.grads.3Dimg (msg from proc # 3)
writing volume image on file berkeley-jan-4-2018_output/volimage.cycle=0000.gradlambda.3Dimg (msg from proc # 3)
writing volume image on file berkeley-jan-4-2018_output/volimage.cycle=0000.gradmu.3Dimg (msg from proc # 3)
writing volume image on file berkeley-jan-4-2018_output/volimage.cycle=0001.gradrho.3Dimg (msg from proc # 3)
writing volume image on file berkeley-jan-4-2018_output/volimage.cycle=0001.gradp.3Dimg (msg from proc # 3)
writing volume image on file berkeley-jan-4-2018_output/volimage.cycle=0001.grads.3Dimg (msg from proc # 3)
writing volume image on file berkeley-jan-4-2018_output/volimage.cycle=0001.gradlambda.3Dimg (msg from proc # 3)
writing volume image on file berkeley-jan-4-2018_output/volimage.cycle=0001.gradmu.3Dimg (msg from proc # 3)
writing volume image on file berkeley-jan-4-2018_output/volimage.cycle=0002.gradrho.3Dimg (msg from proc # 3)
writing volume image on file berkeley-jan-4-2018_output/volimage.cycle=0002.gradp.3Dimg (msg from proc # 3)
writing volume image on file berkeley-jan-4-2018_output/volimage.cycle=0002.grads.3Dimg (msg from proc # 3)
writing volume image on file berkeley-jan-4-2018_output/volimage.cycle=0002.gradlambda.3Dimg (msg from proc # 3)
writing volume image on file berkeley-jan-4-2018_output/volimage.cycle=0002.gradmu.3Dimg (msg from proc # 3)
writing volume image on file berkeley-jan-4-2018_output/volimage.cycle=0003.gradrho.3Dimg (msg from proc # 3)
writing volume image on file berkeley-jan-4-2018_output/volimage.cycle=0003.gradp.3Dimg (msg from proc # 3)
writing volume image on file berkeley-jan-4-2018_output/volimage.cycle=0003.grads.3Dimg (msg from proc # 3)
writing volume image on file berkeley-jan-4-2018_output/volimage.cycle=0003.gradlambda.3Dimg (msg from proc # 3)
writing volume image on file berkeley-jan-4-2018_output/volimage.cycle=0003.gradmu.3Dimg (msg from proc # 3)
writing volume image on file berkeley-jan-4-2018_output/volimage.cycle=0004.gradrho.3Dimg (msg from proc # 3)
writing volume image on file berkeley-jan-4-2018_output/volimage.cycle=0004.gradp.3Dimg (msg from proc # 3)
writing volume image on file berkeley-jan-4-2018_output/volimage.cycle=0004.grads.3Dimg (msg from proc # 3)
writing volume image on file berkeley-jan-4-2018_output/volimage.cycle=0004.gradlambda.3Dimg (msg from proc # 3)
writing volume image on file berkeley-jan-4-2018_output/volimage.cycle=0004.gradmu.3Dimg (msg from proc # 3)
writing volume image on file berkeley-jan-4-2018_output/volimage.cycle=0005.gradrho.3Dimg (msg from proc # 3)
writing volume image on file berkeley-jan-4-2018_output/volimage.cycle=0005.gradp.3Dimg (msg from proc # 3)
writing volume image on file berkeley-jan-4-2018_output/volimage.cycle=0005.grads.3Dimg (msg from proc # 3)
writing volume image on file berkeley-jan-4-2018_output/volimage.cycle=0005.gradlambda.3Dimg (msg from proc # 3)
writing volume image on file berkeley-jan-4-2018_output/volimage.cycle=0005.gradmu.3Dimg (msg from proc # 3)
writing volume image on file berkeley-jan-4-2018_output/volimage.cycle=0006.gradrho.3Dimg (msg from proc # 3)
writing volume image on file berkeley-jan-4-2018_output/volimage.cycle=0006.gradp.3Dimg (msg from proc # 3)
writing volume image on file berkeley-jan-4-2018_output/volimage.cycle=0006.grads.3Dimg (msg from proc # 3)
writing volume image on file berkeley-jan-4-2018_output/volimage.cycle=0006.gradlambda.3Dimg (msg from proc # 3)
writing volume image on file berkeley-jan-4-2018_output/volimage.cycle=0006.gradmu.3Dimg (msg from proc # 3)
writing volume image on file berkeley-jan-4-2018_output/volimage.cycle=0007.gradrho.3Dimg (msg from proc # 3)
writing volume image on file berkeley-jan-4-2018_output/volimage.cycle=0007.gradp.3Dimg (msg from proc # 3)
writing volume image on file berkeley-jan-4-2018_output/volimage.cycle=0007.grads.3Dimg (msg from proc # 3)
writing volume image on file berkeley-jan-4-2018_output/volimage.cycle=0007.gradlambda.3Dimg (msg from proc # 3)
writing volume image on file berkeley-jan-4-2018_output/volimage.cycle=0007.gradmu.3Dimg (msg from proc # 3)
writing volume image on file berkeley-jan-4-2018_output/volimage.cycle=0008.gradrho.3Dimg (msg from proc # 3)
writing volume image on file berkeley-jan-4-2018_output/volimage.cycle=0008.gradp.3Dimg (msg from proc # 3)
writing volume image on file berkeley-jan-4-2018_output/volimage.cycle=0008.grads.3Dimg (msg from proc # 3)
writing volume image on file berkeley-jan-4-2018_output/volimage.cycle=0008.gradlambda.3Dimg (msg from proc # 3)
writing volume image on file berkeley-jan-4-2018_output/volimage.cycle=0008.gradmu.3Dimg (msg from proc # 3)
writing volume image on file berkeley-jan-4-2018_output/volimage.cycle=0009.gradrho.3Dimg (msg from proc # 3)
writing volume image on file berkeley-jan-4-2018_output/volimage.cycle=0009.gradp.3Dimg (msg from proc # 3)
writing volume image on file berkeley-jan-4-2018_output/volimage.cycle=0009.grads.3Dimg (msg from proc # 3)
writing volume image on file berkeley-jan-4-2018_output/volimage.cycle=0009.gradlambda.3Dimg (msg from proc # 3)
writing volume image on file berkeley-jan-4-2018_output/volimage.cycle=0009.gradmu.3Dimg (msg from proc # 3)
writing volume image on file berkeley-jan-4-2018_output/volimage.cycle=0010.gradrho.3Dimg (msg from proc # 3)
writing volume image on file berkeley-jan-4-2018_output/volimage.cycle=0010.gradp.3Dimg (msg from proc # 3)
writing volume image on file berkeley-jan-4-2018_output/volimage.cycle=0010.grads.3Dimg (msg from proc # 3)
writing volume image on file berkeley-jan-4-2018_output/volimage.cycle=0010.gradlambda.3Dimg (msg from proc # 3)
writing volume image on file berkeley-jan-4-2018_output/volimage.cycle=0010.gradmu.3Dimg (msg from proc # 3)
writing volume image on file berkeley-jan-4-2018_output/volimage.cycle=0011.gradrho.3Dimg (msg from proc # 3)
writing volume image on file berkeley-jan-4-2018_output/volimage.cycle=0011.gradp.3Dimg (msg from proc # 3)
writing volume image on file berkeley-jan-4-2018_output/volimage.cycle=0011.grads.3Dimg (msg from proc # 3)
writing volume image on file berkeley-jan-4-2018_output/volimage.cycle=0011.gradlambda.3Dimg (msg from proc # 3)
writing volume image on file berkeley-jan-4-2018_output/volimage.cycle=0011.gradmu.3Dimg (msg from proc # 3)
writing volume image on file berkeley-jan-4-2018_output/volimage.cycle=0012.gradrho.3Dimg (msg from proc # 3)
writing volume image on file berkeley-jan-4-2018_output/volimage.cycle=0012.gradp.3Dimg (msg from proc # 3)
writing volume image on file berkeley-jan-4-2018_output/volimage.cycle=0012.grads.3Dimg (msg from proc # 3)
writing volume image on file berkeley-jan-4-2018_output/volimage.cycle=0012.gradlambda.3Dimg (msg from proc # 3)
writing volume image on file berkeley-jan-4-2018_output/volimage.cycle=0012.gradmu.3Dimg (msg from proc # 3)
writing volume image on file berkeley-jan-4-2018_output/volimage.cycle=0013.gradrho.3Dimg (msg from proc # 3)
writing volume image on file berkeley-jan-4-2018_output/volimage.cycle=0013.gradp.3Dimg (msg from proc # 3)
writing volume image on file berkeley-jan-4-2018_output/volimage.cycle=0013.grads.3Dimg (msg from proc # 3)
writing volume image on file berkeley-jan-4-2018_output/volimage.cycle=0013.gradlambda.3Dimg (msg from proc # 3)
writing volume image on file berkeley-jan-4-2018_output/volimage.cycle=0013.gradmu.3Dimg (msg from proc # 3)
writing volume image on file berkeley-jan-4-2018_output/volimage.cycle=0014.gradrho.3Dimg (msg from proc # 3)
writing volume image on file berkeley-jan-4-2018_output/volimage.cycle=0014.gradp.3Dimg (msg from proc # 3)
writing volume image on file berkeley-jan-4-2018_output/volimage.cycle=0014.grads.3Dimg (msg from proc # 3)
writing volume image on file berkeley-jan-4-2018_output/volimage.cycle=0014.gradlambda.3Dimg (msg from proc # 3)
writing volume image on file berkeley-jan-4-2018_output/volimage.cycle=0014.gradmu.3Dimg (msg from proc # 3)
writing volume image on file berkeley-jan-4-2018_output/volimage.cycle=0015.gradrho.3Dimg (msg from proc # 3)
writing volume image on file berkeley-jan-4-2018_output/volimage.cycle=0015.gradp.3Dimg (msg from proc # 3)
writing volume image on file berkeley-jan-4-2018_output/volimage.cycle=0015.grads.3Dimg (msg from proc # 3)
writing volume image on file berkeley-jan-4-2018_output/volimage.cycle=0015.gradlambda.3Dimg (msg from proc # 3)
writing volume image on file berkeley-jan-4-2018_output/volimage.cycle=0015.gradmu.3Dimg (msg from proc # 3)
writing volume image on file berkeley-jan-4-2018_output/volimage.cycle=0016.gradrho.3Dimg (msg from proc # 3)
writing volume image on file berkeley-jan-4-2018_output/volimage.cycle=0016.gradp.3Dimg (msg from proc # 3)
writing volume image on file berkeley-jan-4-2018_output/volimage.cycle=0016.grads.3Dimg (msg from proc # 3)
writing volume image on file berkeley-jan-4-2018_output/volimage.cycle=0016.gradlambda.3Dimg (msg from proc # 3)
writing volume image on file berkeley-jan-4-2018_output/volimage.cycle=0016.gradmu.3Dimg (msg from proc # 3)
writing volume image on file berkeley-jan-4-2018_output/volimage.cycle=0017.gradrho.3Dimg (msg from proc # 3)
writing volume image on file berkeley-jan-4-2018_output/volimage.cycle=0017.gradp.3Dimg (msg from proc # 3)
writing volume image on file berkeley-jan-4-2018_output/volimage.cycle=0017.grads.3Dimg (msg from proc # 3)
writing volume image on file berkeley-jan-4-2018_output/volimage.cycle=0017.gradlambda.3Dimg (msg from proc # 3)
writing volume image on file berkeley-jan-4-2018_output/volimage.cycle=0017.gradmu.3Dimg (msg from proc # 3)
writing volume image on file berkeley-jan-4-2018_output/volimage.cycle=0018.gradrho.3Dimg (msg from proc # 3)
writing volume image on file berkeley-jan-4-2018_output/volimage.cycle=0018.gradp.3Dimg (msg from proc # 3)
writing volume image on file berkeley-jan-4-2018_output/volimage.cycle=0018.grads.3Dimg (msg from proc # 3)
writing volume image on file berkeley-jan-4-2018_output/volimage.cycle=0018.gradlambda.3Dimg (msg from proc # 3)
writing volume image on file berkeley-jan-4-2018_output/volimage.cycle=0018.gradmu.3Dimg (msg from proc # 3)
writing volume image on file berkeley-jan-4-2018_output/volimage.cycle=0019.gradrho.3Dimg (msg from proc # 3)
writing volume image on file berkeley-jan-4-2018_output/volimage.cycle=0019.gradp.3Dimg (msg from proc # 3)
writing volume image on file berkeley-jan-4-2018_output/volimage.cycle=0019.grads.3Dimg (msg from proc # 3)
writing volume image on file berkeley-jan-4-2018_output/volimage.cycle=0019.gradlambda.3Dimg (msg from proc # 3)
writing volume image on file berkeley-jan-4-2018_output/volimage.cycle=0019.gradmu.3Dimg (msg from proc # 3)
writing volume image on file berkeley-jan-4-2018_output/volimage.cycle=0020.gradrho.3Dimg (msg from proc # 3)
writing volume image on file berkeley-jan-4-2018_output/volimage.cycle=0020.gradp.3Dimg (msg from proc # 3)
writing volume image on file berkeley-jan-4-2018_output/volimage.cycle=0020.grads.3Dimg (msg from proc # 3)
writing volume image on file berkeley-jan-4-2018_output/volimage.cycle=0020.gradlambda.3Dimg (msg from proc # 3)
writing volume image on file berkeley-jan-4-2018_output/volimage.cycle=0020.gradmu.3Dimg (msg from proc # 3)
writing volume image on file berkeley-jan-4-2018_output/volimage.cycle=0021.gradrho.3Dimg (msg from proc # 3)
writing volume image on file berkeley-jan-4-2018_output/volimage.cycle=0021.gradp.3Dimg (msg from proc # 3)
writing volume image on file berkeley-jan-4-2018_output/volimage.cycle=0021.grads.3Dimg (msg from proc # 3)
writing volume image on file berkeley-jan-4-2018_output/volimage.cycle=0021.gradlambda.3Dimg (msg from proc # 3)
writing volume image on file berkeley-jan-4-2018_output/volimage.cycle=0021.gradmu.3Dimg (msg from proc # 3)
writing volume image on file berkeley-jan-4-2018_output/volimage.cycle=0022.gradrho.3Dimg (msg from proc # 3)
writing volume image on file berkeley-jan-4-2018_output/volimage.cycle=0022.gradp.3Dimg (msg from proc # 3)
writing volume image on file berkeley-jan-4-2018_output/volimage.cycle=0022.grads.3Dimg (msg from proc # 3)
writing volume image on file berkeley-jan-4-2018_output/volimage.cycle=0022.gradlambda.3Dimg (msg from proc # 3)
writing volume image on file berkeley-jan-4-2018_output/volimage.cycle=0022.gradmu.3Dimg (msg from proc # 3)
writing volume image on file berkeley-jan-4-2018_output/volimage.cycle=0023.gradrho.3Dimg (msg from proc # 3)
writing volume image on file berkeley-jan-4-2018_output/volimage.cycle=0023.gradp.3Dimg (msg from proc # 3)
writing volume image on file berkeley-jan-4-2018_output/volimage.cycle=0023.grads.3Dimg (msg from proc # 3)
writing volume image on file berkeley-jan-4-2018_output/volimage.cycle=0023.gradlambda.3Dimg (msg from proc # 3)
writing volume image on file berkeley-jan-4-2018_output/volimage.cycle=0023.gradmu.3Dimg (msg from proc # 3)
writing volume image on file berkeley-jan-4-2018_output/volimage.cycle=0024.gradrho.3Dimg (msg from proc # 3)
writing volume image on file berkeley-jan-4-2018_output/volimage.cycle=0024.gradp.3Dimg (msg from proc # 3)
writing volume image on file berkeley-jan-4-2018_output/volimage.cycle=0024.grads.3Dimg (msg from proc # 3)
writing volume image on file berkeley-jan-4-2018_output/volimage.cycle=0024.gradlambda.3Dimg (msg from proc # 3)
writing volume image on file berkeley-jan-4-2018_output/volimage.cycle=0024.gradmu.3Dimg (msg from proc # 3)
writing volume image on file berkeley-jan-4-2018_output/volimage.cycle=0025.gradrho.3Dimg (msg from proc # 3)
writing volume image on file berkeley-jan-4-2018_output/volimage.cycle=0025.gradp.3Dimg (msg from proc # 3)
writing volume image on file berkeley-jan-4-2018_output/volimage.cycle=0025.grads.3Dimg (msg from proc # 3)
writing volume image on file berkeley-jan-4-2018_output/volimage.cycle=0025.gradlambda.3Dimg (msg from proc # 3)
writing volume image on file berkeley-jan-4-2018_output/volimage.cycle=0025.gradmu.3Dimg (msg from proc # 3)
writing volume image on file berkeley-jan-4-2018_output/volimage.cycle=0026.gradrho.3Dimg (msg from proc # 3)
writing volume image on file berkeley-jan-4-2018_output/volimage.cycle=0026.gradp.3Dimg (msg from proc # 3)
writing volume image on file berkeley-jan-4-2018_output/volimage.cycle=0026.grads.3Dimg (msg from proc # 3)
writing volume image on file berkeley-jan-4-2018_output/volimage.cycle=0026.gradlambda.3Dimg (msg from proc # 3)
writing volume image on file berkeley-jan-4-2018_output/volimage.cycle=0026.gradmu.3Dimg (msg from proc # 3)
writing volume image on file berkeley-jan-4-2018_output/volimage.cycle=0027.gradrho.3Dimg (msg from proc # 3)
writing volume image on file berkeley-jan-4-2018_output/volimage.cycle=0027.gradp.3Dimg (msg from proc # 3)
writing volume image on file berkeley-jan-4-2018_output/volimage.cycle=0027.grads.3Dimg (msg from proc # 3)
writing volume image on file berkeley-jan-4-2018_output/volimage.cycle=0027.gradlambda.3Dimg (msg from proc # 3)
writing volume image on file berkeley-jan-4-2018_output/volimage.cycle=0027.gradmu.3Dimg (msg from proc # 3)
writing volume image on file berkeley-jan-4-2018_output/volimage.cycle=0028.gradrho.3Dimg (msg from proc # 3)
writing volume image on file berkeley-jan-4-2018_output/volimage.cycle=0028.gradp.3Dimg (msg from proc # 3)
writing volume image on file berkeley-jan-4-2018_output/volimage.cycle=0028.grads.3Dimg (msg from proc # 3)
writing volume image on file berkeley-jan-4-2018_output/volimage.cycle=0028.gradlambda.3Dimg (msg from proc # 3)
writing volume image on file berkeley-jan-4-2018_output/volimage.cycle=0028.gradmu.3Dimg (msg from proc # 3)
writing volume image on file berkeley-jan-4-2018_output/volimage.cycle=0029.gradrho.3Dimg (msg from proc # 3)
writing volume image on file berkeley-jan-4-2018_output/volimage.cycle=0029.gradp.3Dimg (msg from proc # 3)
writing volume image on file berkeley-jan-4-2018_output/volimage.cycle=0029.grads.3Dimg (msg from proc # 3)
writing volume image on file berkeley-jan-4-2018_output/volimage.cycle=0029.gradlambda.3Dimg (msg from proc # 3)
writing volume image on file berkeley-jan-4-2018_output/volimage.cycle=0029.gradmu.3Dimg (msg from proc # 3)
writing volume image on file berkeley-jan-4-2018_output/volimage.cycle=0030.gradrho.3Dimg (msg from proc # 3)
writing volume image on file berkeley-jan-4-2018_output/volimage.cycle=0030.gradp.3Dimg (msg from proc # 3)
writing volume image on file berkeley-jan-4-2018_output/volimage.cycle=0030.grads.3Dimg (msg from proc # 3)
writing volume image on file berkeley-jan-4-2018_output/volimage.cycle=0030.gradlambda.3Dimg (msg from proc # 3)
writing volume image on file berkeley-jan-4-2018_output/volimage.cycle=0030.gradmu.3Dimg (msg from proc # 3)
writing volume image on file berkeley-jan-4-2018_output/volimage.cycle=0031.gradrho.3Dimg (msg from proc # 3)
writing volume image on file berkeley-jan-4-2018_output/volimage.cycle=0031.gradp.3Dimg (msg from proc # 3)
writing volume image on file berkeley-jan-4-2018_output/volimage.cycle=0031.grads.3Dimg (msg from proc # 3)
writing volume image on file berkeley-jan-4-2018_output/volimage.cycle=0031.gradlambda.3Dimg (msg from proc # 3)
writing volume image on file berkeley-jan-4-2018_output/volimage.cycle=0031.gradmu.3Dimg (msg from proc # 3)
writing volume image on file berkeley-jan-4-2018_output/volimage.cycle=0032.gradrho.3Dimg (msg from proc # 3)
writing volume image on file berkeley-jan-4-2018_output/volimage.cycle=0032.gradp.3Dimg (msg from proc # 3)
writing volume image on file berkeley-jan-4-2018_output/volimage.cycle=0032.grads.3Dimg (msg from proc # 3)
writing volume image on file berkeley-jan-4-2018_output/volimage.cycle=0032.gradlambda.3Dimg (msg from proc # 3)
writing volume image on file berkeley-jan-4-2018_output/volimage.cycle=0032.gradmu.3Dimg (msg from proc # 3)
writing volume image on file berkeley-jan-4-2018_output/volimage.cycle=0033.gradrho.3Dimg (msg from proc # 3)
writing volume image on file berkeley-jan-4-2018_output/volimage.cycle=0033.gradp.3Dimg (msg from proc # 3)
writing volume image on file berkeley-jan-4-2018_output/volimage.cycle=0033.grads.3Dimg (msg from proc # 3)
writing volume image on file berkeley-jan-4-2018_output/volimage.cycle=0033.gradlambda.3Dimg (msg from proc # 3)
writing volume image on file berkeley-jan-4-2018_output/volimage.cycle=0033.gradmu.3Dimg (msg from proc # 3)
writing volume image on file berkeley-jan-4-2018_output/volimage.cycle=0034.gradrho.3Dimg (msg from proc # 3)
writing volume image on file berkeley-jan-4-2018_output/volimage.cycle=0034.gradp.3Dimg (msg from proc # 3)
writing volume image on file berkeley-jan-4-2018_output/volimage.cycle=0034.grads.3Dimg (msg from proc # 3)
writing volume image on file berkeley-jan-4-2018_output/volimage.cycle=0034.gradlambda.3Dimg (msg from proc # 3)
writing volume image on file berkeley-jan-4-2018_output/volimage.cycle=0034.gradmu.3Dimg (msg from proc # 3)
writing volume image on file berkeley-jan-4-2018_output/volimage.cycle=0035.gradrho.3Dimg (msg from proc # 3)
writing volume image on file berkeley-jan-4-2018_output/volimage.cycle=0035.gradp.3Dimg (msg from proc # 3)
writing volume image on file berkeley-jan-4-2018_output/volimage.cycle=0035.grads.3Dimg (msg from proc # 3)
writing volume image on file berkeley-jan-4-2018_output/volimage.cycle=0035.gradlambda.3Dimg (msg from proc # 3)
writing volume image on file berkeley-jan-4-2018_output/volimage.cycle=0035.gradmu.3Dimg (msg from proc # 3)
writing volume image on file berkeley-jan-4-2018_output/volimage.cycle=0036.gradrho.3Dimg (msg from proc # 3)
writing volume image on file berkeley-jan-4-2018_output/volimage.cycle=0036.gradp.3Dimg (msg from proc # 3)
writing volume image on file berkeley-jan-4-2018_output/volimage.cycle=0036.grads.3Dimg (msg from proc # 3)
writing volume image on file berkeley-jan-4-2018_output/volimage.cycle=0036.gradlambda.3Dimg (msg from proc # 3)
writing volume image on file berkeley-jan-4-2018_output/volimage.cycle=0036.gradmu.3Dimg (msg from proc # 3)
writing volume image on file berkeley-jan-4-2018_output/volimage.cycle=0037.gradrho.3Dimg (msg from proc # 3)
writing volume image on file berkeley-jan-4-2018_output/volimage.cycle=0037.gradp.3Dimg (msg from proc # 3)
writing volume image on file berkeley-jan-4-2018_output/volimage.cycle=0037.grads.3Dimg (msg from proc # 3)
writing volume image on file berkeley-jan-4-2018_output/volimage.cycle=0037.gradlambda.3Dimg (msg from proc # 3)
writing volume image on file berkeley-jan-4-2018_output/volimage.cycle=0037.gradmu.3Dimg (msg from proc # 3)
writing volume image on file berkeley-jan-4-2018_output/volimage.cycle=0038.gradrho.3Dimg (msg from proc # 3)
writing volume image on file berkeley-jan-4-2018_output/volimage.cycle=0038.gradp.3Dimg (msg from proc # 3)
writing volume image on file berkeley-jan-4-2018_output/volimage.cycle=0038.grads.3Dimg (msg from proc # 3)
writing volume image on file berkeley-jan-4-2018_output/volimage.cycle=0038.gradlambda.3Dimg (msg from proc # 3)
writing volume image on file berkeley-jan-4-2018_output/volimage.cycle=0038.gradmu.3Dimg (msg from proc # 3)
writing volume image on file berkeley-jan-4-2018_output/volimage.cycle=0039.gradrho.3Dimg (msg from proc # 3)
writing volume image on file berkeley-jan-4-2018_output/volimage.cycle=0039.gradp.3Dimg (msg from proc # 3)
writing volume image on file berkeley-jan-4-2018_output/volimage.cycle=0039.grads.3Dimg (msg from proc # 3)
writing volume image on file berkeley-jan-4-2018_output/volimage.cycle=0039.gradlambda.3Dimg (msg from proc # 3)
writing volume image on file berkeley-jan-4-2018_output/volimage.cycle=0039.gradmu.3Dimg (msg from proc # 3)
writing volume image on file berkeley-jan-4-2018_output/volimage.cycle=0040.gradrho.3Dimg (msg from proc # 3)
writing volume image on file berkeley-jan-4-2018_output/volimage.cycle=0040.gradp.3Dimg (msg from proc # 3)
writing volume image on file berkeley-jan-4-2018_output/volimage.cycle=0040.grads.3Dimg (msg from proc # 3)
writing volume image on file berkeley-jan-4-2018_output/volimage.cycle=0040.gradlambda.3Dimg (msg from proc # 3)
writing volume image on file berkeley-jan-4-2018_output/volimage.cycle=0040.gradmu.3Dimg (msg from proc # 3)
writing volume image on file berkeley-jan-4-2018_output/volimage.cycle=0041.gradrho.3Dimg (msg from proc # 3)
writing volume image on file berkeley-jan-4-2018_output/volimage.cycle=0041.gradp.3Dimg (msg from proc # 3)
writing volume image on file berkeley-jan-4-2018_output/volimage.cycle=0041.grads.3Dimg (msg from proc # 3)
writing volume image on file berkeley-jan-4-2018_output/volimage.cycle=0041.gradlambda.3Dimg (msg from proc # 3)
writing volume image on file berkeley-jan-4-2018_output/volimage.cycle=0041.gradmu.3Dimg (msg from proc # 3)
writing volume image on file berkeley-jan-4-2018_output/volimage.cycle=0042.gradrho.3Dimg (msg from proc # 3)
writing volume image on file berkeley-jan-4-2018_output/volimage.cycle=0042.gradp.3Dimg (msg from proc # 3)
writing volume image on file berkeley-jan-4-2018_output/volimage.cycle=0042.grads.3Dimg (msg from proc # 3)
writing volume image on file berkeley-jan-4-2018_output/volimage.cycle=0042.gradlambda.3Dimg (msg from proc # 3)
writing volume image on file berkeley-jan-4-2018_output/volimage.cycle=0042.gradmu.3Dimg (msg from proc # 3)
writing volume image on file berkeley-jan-4-2018_output/volimage.cycle=0043.gradrho.3Dimg (msg from proc # 3)
writing volume image on file berkeley-jan-4-2018_output/volimage.cycle=0043.gradp.3Dimg (msg from proc # 3)
writing volume image on file berkeley-jan-4-2018_output/volimage.cycle=0043.grads.3Dimg (msg from proc # 3)
writing volume image on file berkeley-jan-4-2018_output/volimage.cycle=0043.gradlambda.3Dimg (msg from proc # 3)
writing volume image on file berkeley-jan-4-2018_output/volimage.cycle=0043.gradmu.3Dimg (msg from proc # 3)
writing volume image on file berkeley-jan-4-2018_output/volimage.cycle=0044.gradrho.3Dimg (msg from proc # 3)
writing volume image on file berkeley-jan-4-2018_output/volimage.cycle=0044.gradp.3Dimg (msg from proc # 3)
writing volume image on file berkeley-jan-4-2018_output/volimage.cycle=0044.grads.3Dimg (msg from proc # 3)
writing volume image on file berkeley-jan-4-2018_output/volimage.cycle=0044.gradlambda.3Dimg (msg from proc # 3)
writing volume image on file berkeley-jan-4-2018_output/volimage.cycle=0044.gradmu.3Dimg (msg from proc # 3)
writing volume image on file berkeley-jan-4-2018_output/volimage.cycle=0045.gradrho.3Dimg (msg from proc # 3)
writing volume image on file berkeley-jan-4-2018_output/volimage.cycle=0045.gradp.3Dimg (msg from proc # 3)
writing volume image on file berkeley-jan-4-2018_output/volimage.cycle=0045.grads.3Dimg (msg from proc # 3)
writing volume image on file berkeley-jan-4-2018_output/volimage.cycle=0045.gradlambda.3Dimg (msg from proc # 3)
writing volume image on file berkeley-jan-4-2018_output/volimage.cycle=0045.gradmu.3Dimg (msg from proc # 3)
writing volume image on file berkeley-jan-4-2018_output/volimage.cycle=0046.gradrho.3Dimg (msg from proc # 3)
writing volume image on file berkeley-jan-4-2018_output/volimage.cycle=0046.gradp.3Dimg (msg from proc # 3)
writing volume image on file berkeley-jan-4-2018_output/volimage.cycle=0046.grads.3Dimg (msg from proc # 3)
writing volume image on file berkeley-jan-4-2018_output/volimage.cycle=0046.gradlambda.3Dimg (msg from proc # 3)
writing volume image on file berkeley-jan-4-2018_output/volimage.cycle=0046.gradmu.3Dimg (msg from proc # 3)
writing volume image on file berkeley-jan-4-2018_output/volimage.cycle=0047.gradrho.3Dimg (msg from proc # 3)
writing volume image on file berkeley-jan-4-2018_output/volimage.cycle=0047.gradp.3Dimg (msg from proc # 3)
writing volume image on file berkeley-jan-4-2018_output/volimage.cycle=0047.grads.3Dimg (msg from proc # 3)
writing volume image on file berkeley-jan-4-2018_output/volimage.cycle=0047.gradlambda.3Dimg (msg from proc # 3)
writing volume image on file berkeley-jan-4-2018_output/volimage.cycle=0047.gradmu.3Dimg (msg from proc # 3)
writing volume image on file berkeley-jan-4-2018_output/volimage.cycle=0048.gradrho.3Dimg (msg from proc # 3)
writing volume image on file berkeley-jan-4-2018_output/volimage.cycle=0048.gradp.3Dimg (msg from proc # 3)
writing volume image on file berkeley-jan-4-2018_output/volimage.cycle=0048.grads.3Dimg (msg from proc # 3)
writing volume image on file berkeley-jan-4-2018_output/volimage.cycle=0048.gradlambda.3Dimg (msg from proc # 3)
writing volume image on file berkeley-jan-4-2018_output/volimage.cycle=0048.gradmu.3Dimg (msg from proc # 3)
errno = 0
Rank 111 [Sat Dec 15 15:14:31 2018] [c2-3c1s0n1] application called MPI_Abort(MPI_COMM_WORLD, 1) - process 111
errno = 122
Rank 75 [Sat Dec 15 15:14:31 2018] [c2-3c1s0n0] application called MPI_Abort(MPI_COMM_WORLD, 1) - process 75
errno = 0
Rank 39 [Sat Dec 15 15:14:31 2018] [c2-3c0s15n3] application called MPI_Abort(MPI_COMM_WORLD, 1) - process 39
srun: error: nid07361: task 111: Aborted
srun: Terminating job step 17082819.0
srun: error: nid07359: task 39: Aborted
srun: error: nid07360: task 75: Aborted
slurmstepd: error: *** STEP 17082819.0 ON nid07358 CANCELLED AT 2018-12-15T15:14:40 ***
srun: error: nid07361: tasks 96-110,112-127: Terminated
srun: error: nid07362: tasks 128-159: Terminated
srun: error: nid07360: tasks 64-74,76-95: Terminated
srun: error: nid07359: tasks 32-38,40-63: Terminated
srun: error: nid07365: tasks 224-255: Terminated
srun: error: nid07364: tasks 192-223: Terminated
srun: error: nid07363: tasks 160-191: Terminated
srun: error: nid07358: tasks 0-31: Terminated
srun: Force Terminated job step 17082819.0
